exports[`test ShowCard snapshot test 1`] = `
<Link
  activeClassName=""
  activeOnlyWhenExact={false}
  activeStyle={Object {}}
  className=""
  isActive={[Function isActive]}
  replace={false}
  style={Object {}}
  to="/details/undefined">
  <div
    className="show-card">
    <img
      src="/public/img/posters/undefined" />
    <div>
      <h3 />
      <h4>
        (
        )
      </h4>
      <p />
    </div>
  </div>
</Link>
`;
